2026-05-09 00:15:50,410 - INFO - ========== TEST EXECUTION STARTED ==========
2026-05-09 00:15:51,009 - INFO - Running tests on environment: qa
2026-05-09 00:15:53,164 - INFO - Running tests on environment: qa
2026-05-09 00:15:55,234 - INFO - Running tests on environment: qa
2026-05-09 00:15:55,344 - INFO - ========== TEST EXECUTION COMPLETED ==========
2026-05-09 00:16:32,546 - INFO - ========== TEST EXECUTION STARTED ==========
2026-05-09 00:16:32,839 - INFO - Running tests on environment: qa
2026-05-09 00:16:34,979 - INFO - Running tests on environment: qa
2026-05-09 00:16:37,069 - INFO - Running tests on environment: qa
2026-05-09 00:16:37,123 - INFO - ========== TEST EXECUTION COMPLETED ==========
2026-05-09 00:20:44,280 - INFO - ========== TEST EXECUTION STARTED ==========
2026-05-09 00:20:44,687 - INFO - Running tests on environment: qa
2026-05-09 00:20:44,728 - INFO - Launching browser: chrome
2026-05-09 00:21:09,787 - INFO - Opened URL: https://opensource-demo.orangehrmlive.com/web/index.php/auth/login
2026-05-09 00:21:09,789 - INFO - Starting login test
2026-05-09 00:21:22,210 - ERROR - Test Failed: test_valid_login
2026-05-09 00:21:22,391 - INFO - Screenshot saved at: screenshots\test_valid_login_20260509_002122.png
2026-05-09 00:21:22,397 - INFO - Closing browser
2026-05-09 00:21:26,837 - INFO - Launching browser: chrome
2026-05-09 00:21:50,511 - INFO - Opened URL: https://opensource-demo.orangehrmlive.com/web/index.php/auth/login
2026-05-09 00:21:50,516 - INFO - Starting login test
2026-05-09 00:22:02,975 - ERROR - Test Failed: test_valid_login
2026-05-09 00:22:03,128 - INFO - Screenshot saved at: screenshots\test_valid_login_20260509_002202.png
2026-05-09 00:22:03,142 - INFO - Closing browser
2026-05-09 00:22:07,563 - INFO - Launching browser: chrome
2026-05-09 00:22:28,249 - INFO - Opened URL: https://opensource-demo.orangehrmlive.com/web/index.php/auth/login
2026-05-09 00:22:28,251 - INFO - Starting login test
2026-05-09 00:22:40,288 - ERROR - Test Failed: test_valid_login
2026-05-09 00:22:40,437 - INFO - Screenshot saved at: screenshots\test_valid_login_20260509_002240.png
2026-05-09 00:22:40,442 - INFO - Closing browser
2026-05-09 00:22:42,946 - INFO - ========== TEST EXECUTION COMPLETED ==========
2026-05-09 00:24:37,688 - INFO - ========== TEST EXECUTION STARTED ==========
2026-05-09 00:24:38,004 - INFO - Running tests on environment: qa
2026-05-09 00:24:38,008 - INFO - Launching browser: chrome
2026-05-09 00:24:58,952 - INFO - Opened URL: https://opensource-demo.orangehrmlive.com/web/index.php/auth/login
2026-05-09 00:24:58,957 - INFO - Starting login test
2026-05-09 00:25:11,472 - ERROR - Test Failed: test_valid_login
2026-05-09 00:25:11,630 - INFO - Screenshot saved at: screenshots\test_valid_login_20260509_002511.png
2026-05-09 00:25:11,636 - INFO - Closing browser
2026-05-09 00:25:16,101 - INFO - Launching browser: chrome
2026-05-09 00:25:39,838 - INFO - Opened URL: https://opensource-demo.orangehrmlive.com/web/index.php/auth/login
2026-05-09 00:25:39,842 - INFO - Starting login test
2026-05-09 00:25:51,439 - ERROR - Test Failed: test_valid_login
2026-05-09 00:25:51,556 - INFO - Screenshot saved at: screenshots\test_valid_login_20260509_002551.png
2026-05-09 00:25:51,560 - INFO - Closing browser
2026-05-09 00:25:55,968 - INFO - Launching browser: chrome
2026-05-09 00:26:16,083 - INFO - Opened URL: https://opensource-demo.orangehrmlive.com/web/index.php/auth/login
2026-05-09 00:26:16,084 - INFO - Starting login test
2026-05-09 00:26:27,954 - ERROR - Test Failed: test_valid_login
2026-05-09 00:26:28,068 - INFO - Screenshot saved at: screenshots\test_valid_login_20260509_002627.png
2026-05-09 00:26:28,073 - INFO - Closing browser
2026-05-09 00:26:30,482 - INFO - ========== TEST EXECUTION COMPLETED ==========
2026-05-09 00:31:10,384 - INFO - ========== TEST EXECUTION STARTED ==========
2026-05-09 00:31:10,965 - INFO - Running tests on environment: qa
2026-05-09 00:31:10,969 - INFO - Launching browser: chrome
2026-05-09 00:31:32,972 - INFO - Opened URL: https://opensource-demo.orangehrmlive.com/web/index.php/auth/login
2026-05-09 00:31:33,009 - INFO - Starting login test
2026-05-09 00:31:55,477 - ERROR - Test Failed: test_valid_login
2026-05-09 00:31:55,644 - INFO - Screenshot saved at: screenshots\test_valid_login_20260509_003155.png
2026-05-09 00:31:55,656 - INFO - Closing browser
2026-05-09 00:32:00,938 - INFO - Launching browser: chrome
2026-05-09 00:32:22,492 - INFO - Opened URL: https://opensource-demo.orangehrmlive.com/web/index.php/auth/login
2026-05-09 00:32:22,495 - INFO - Starting login test
2026-05-09 00:32:44,338 - ERROR - Test Failed: test_valid_login
2026-05-09 00:32:44,538 - INFO - Screenshot saved at: screenshots\test_valid_login_20260509_003244.png
2026-05-09 00:32:44,558 - INFO - Closing browser
2026-05-09 00:32:50,315 - INFO - Launching browser: chrome
2026-05-09 00:33:11,642 - INFO - Opened URL: https://opensource-demo.orangehrmlive.com/web/index.php/auth/login
2026-05-09 00:33:11,644 - INFO - Starting login test
2026-05-09 00:33:33,588 - ERROR - Test Failed: test_valid_login
2026-05-09 00:33:33,714 - INFO - Screenshot saved at: screenshots\test_valid_login_20260509_003333.png
2026-05-09 00:33:33,720 - INFO - Closing browser
2026-05-09 00:33:36,254 - INFO - ========== TEST EXECUTION COMPLETED ==========
2026-05-09 00:40:32,430 - INFO - ========== TEST EXECUTION STARTED ==========
2026-05-09 00:40:32,896 - INFO - Running tests on environment: qa
2026-05-09 00:40:32,902 - INFO - Launching browser: chrome
2026-05-09 00:40:53,364 - INFO - Opened URL: https://opensource-demo.orangehrmlive.com/web/index.php/auth/login
2026-05-09 00:40:53,366 - INFO - Starting login test
2026-05-09 00:40:55,132 - INFO - Login successful
2026-05-09 00:40:58,457 - ERROR - Test Failed: test_valid_login
2026-05-09 00:40:58,711 - INFO - Screenshot saved at: screenshots\test_valid_login_20260509_004058.png
2026-05-09 00:40:58,714 - INFO - Closing browser
2026-05-09 00:41:03,545 - INFO - Launching browser: chrome
2026-05-09 00:41:24,891 - INFO - Opened URL: https://opensource-demo.orangehrmlive.com/web/index.php/auth/login
2026-05-09 00:41:24,894 - INFO - Starting login test
2026-05-09 00:41:27,058 - INFO - Login successful
2026-05-09 00:41:30,247 - ERROR - Test Failed: test_valid_login
2026-05-09 00:41:30,411 - INFO - Screenshot saved at: screenshots\test_valid_login_20260509_004130.png
2026-05-09 00:41:30,412 - INFO - Closing browser
2026-05-09 00:41:35,199 - INFO - Launching browser: chrome
2026-05-09 00:41:55,806 - INFO - Opened URL: https://opensource-demo.orangehrmlive.com/web/index.php/auth/login
2026-05-09 00:41:55,807 - INFO - Starting login test
2026-05-09 00:41:57,485 - INFO - Login successful
2026-05-09 00:41:57,530 - ERROR - Test Failed: test_valid_login
2026-05-09 00:42:00,175 - INFO - Screenshot saved at: screenshots\test_valid_login_20260509_004157.png
2026-05-09 00:42:00,179 - INFO - Closing browser
2026-05-09 00:42:02,733 - INFO - ========== TEST EXECUTION COMPLETED ==========
2026-05-09 00:47:04,298 - INFO - ========== TEST EXECUTION STARTED ==========
2026-05-09 00:47:04,609 - INFO - Running tests on environment: qa
2026-05-09 00:47:04,611 - INFO - Launching browser: chrome
2026-05-09 00:47:24,619 - INFO - Opened URL: https://opensource-demo.orangehrmlive.com/web/index.php/auth/login
2026-05-09 00:47:24,622 - INFO - Starting login test
2026-05-09 00:47:26,236 - INFO - Login successful
2026-05-09 00:47:28,913 - INFO - Closing browser
2026-05-09 00:47:31,232 - INFO - ========== TEST EXECUTION COMPLETED ==========
2026-05-09 01:03:09,999 - INFO - ========== TEST EXECUTION STARTED ==========
2026-05-09 01:03:10,381 - INFO - Running tests on environment: qa
2026-05-09 01:03:10,384 - INFO - Launching browser: chrome
2026-05-09 01:03:33,371 - INFO - Opened URL: https://opensource-demo.orangehrmlive.com/web/index.php/auth/login
2026-05-09 01:03:33,375 - INFO - Starting login test
2026-05-09 01:03:35,401 - INFO - Login successful
2026-05-09 01:03:37,955 - INFO - Closing browser
2026-05-09 01:03:40,552 - INFO - ========== TEST EXECUTION COMPLETED ==========
2026-05-09 01:16:08,386 - INFO - ========== TEST EXECUTION STARTED ==========
2026-05-09 01:16:08,741 - INFO - Running tests on environment: qa
2026-05-09 01:16:08,744 - INFO - Launching browser: chrome
2026-05-09 01:16:30,535 - INFO - Opened URL: https://opensource-demo.orangehrmlive.com/web/index.php/auth/login
2026-05-09 01:16:30,537 - INFO - Starting login test
2026-05-09 01:16:32,240 - INFO - Login successful
2026-05-09 01:16:34,425 - INFO - Current URL: https://opensource-demo.orangehrmlive.com/web/index.php/dashboard/index
2026-05-09 01:16:34,435 - INFO - Page Title: OrangeHRM
2026-05-09 01:16:34,436 - INFO - Login validation successful
2026-05-09 01:16:34,440 - INFO - Closing browser
2026-05-09 01:16:36,929 - INFO - ========== TEST EXECUTION COMPLETED ==========
2026-05-09 01:26:16,394 - INFO - ========== TEST EXECUTION STARTED ==========
2026-05-09 01:26:16,738 - INFO - Running tests on environment: qa
2026-05-09 01:26:16,741 - INFO - Launching browser: chrome
2026-05-09 01:26:41,382 - INFO - Opened URL: https://opensource-demo.orangehrmlive.com/web/index.php/auth/login
2026-05-09 01:26:41,435 - INFO - Starting login test
2026-05-09 01:26:46,510 - INFO - Login successful
2026-05-09 01:26:46,546 - INFO - Current URL: https://opensource-demo.orangehrmlive.com/web/index.php/dashboard/index
2026-05-09 01:26:46,576 - INFO - Page Title: OrangeHRM
2026-05-09 01:26:46,579 - INFO - Login validation successful
2026-05-09 01:26:46,593 - INFO - Closing browser
2026-05-09 01:26:49,160 - INFO - ========== TEST EXECUTION COMPLETED ==========
2026-05-09 10:03:46,759 - INFO - ========== TEST EXECUTION STARTED ==========
2026-05-09 10:03:47,338 - INFO - Running tests on environment: qa
2026-05-09 10:03:47,344 - INFO - Launching browser: chrome
